William Johnson
James Jamie Smith
James John Smith
